 --------------------------------------------------------------------------------------------------------------------------- 
| Snapshot        | WNS               | TNS | Density (%) | Hotspot                   | Resource               | DRVs       |
|                 | HEPG (ns) | ALL (ns)    |             | Max (bins) | Total (bins) | Real (s) | Memory (MB) | Tran | Cap |
|-----------------+-----------+-------+-----+-------------+------------+--------------+----------+-------------+------+-----|
| initial_summary |     0.025 | 0.025 |   0 |       56.80 |            |              | 0:00:08  |        6413 |    0 |   0 |
| hold_fixing     |           |       |     |             |            |              | 0:00:02  |        6509 |      |     |
| final_summary   |     0.025 | 0.025 |   0 |       56.80 |       0.00 |         0.00 | 0:00:07  |        6413 |    0 |   0 |
 --------------------------------------------------------------------------------------------------------------------------- 
