 ------------------------------------------------------------------------------------------------------------------------------------------------------- 
| Snapshot                | WNS                  | TNS                  | Density (%) | Hotspot                   | Resource               | DRVs       |
|                         | HEPG (ns) | ALL (ns) | HEPG (ns) | ALL (ns) |             | Max (bins) | Total (bins) | Real (s) | Memory (MB) | Tran | Cap |
|-------------------------+-----------+----------+-----------+----------+-------------+------------+--------------+----------+-------------+------+-----|
| initial_summary         |     0.015 |    0.015 |           |        0 |       56.80 |            |              | 0:00:07  |        6277 |    0 |   0 |
| route_type_refinement   |           |          |           |          |             |            |              | 0:00:01  |        6277 |      |     |
| simplify_netlist        |           |          |           |          |             |            |              | 0:00:01  |        6277 |      |     |
| excluded_clk_net_fixing |           |          |           |          |             |            |              | 0:00:00  |        6277 |      |     |
| global_opt              |           |    0.025 |           |        0 |       56.81 |            |              | 0:00:03  |        6307 |      |     |
| area_reclaiming         |     0.024 |    0.024 |         0 |        0 |       56.80 |            |              | 0:00:02  |        6307 |      |     |
| area_reclaiming_2       |     0.024 |    0.024 |         0 |        0 |       56.78 |            |              | 0:00:08  |        6357 |      |     |
| area_reclaiming_3       |     0.024 |    0.024 |         0 |        0 |       56.77 |            |              | 0:00:03  |        6357 |      |     |
| local_wire_reclaim      |           |          |           |          |             |            |              | 0:00:13  |        6357 |      |     |
| global_route            |           |          |           |          |             |       0.00 |         0.00 | 0:00:02  |        6267 |      |     |
| route_type_refinement_2 |           |          |           |          |             |            |              | 0:00:00  |        6267 |      |     |
| drv_eco_fixing          |     0.019 |    0.019 |         0 |        0 |       56.80 |            |              | 0:00:02  |        6357 |    0 |   0 |
| tns_eco_fixing          |     0.025 |    0.025 |         0 |        0 |       56.80 |            |              | 0:00:02  |        6485 |      |     |
| final_summary           |     0.025 |    0.025 |           |        0 |       56.80 |       0.00 |         0.00 | 0:00:04  |        6277 |    0 |   0 |
 ------------------------------------------------------------------------------------------------------------------------------------------------------- 
