 ------------------------------------------------------------------------------------------------------------------------------------------------------- 
| Snapshot                | WNS                  | TNS                  | Density (%) | Hotspot                   | Resource               | DRVs       |
|                         | HEPG (ns) | ALL (ns) | HEPG (ns) | ALL (ns) |             | Max (bins) | Total (bins) | Real (s) | Memory (MB) | Tran | Cap |
|-------------------------+-----------+----------+-----------+----------+-------------+------------+--------------+----------+-------------+------+-----|
| initial_summary         |    -0.024 |   -0.024 |           |       -0 |       56.87 |            |              | 0:00:04  |        6277 |    0 |   0 |
| route_type_refinement   |           |          |           |          |             |            |              | 0:00:00  |        6277 |      |     |
| simplify_netlist        |           |          |           |          |             |            |              | 0:00:02  |        6277 |      |     |
| excluded_clk_net_fixing |           |          |           |          |             |            |              | 0:00:00  |        6277 |      |     |
| global_opt              |           |    0.021 |           |        0 |       56.90 |            |              | 0:00:03  |        6357 |      |     |
| area_reclaiming         |     0.021 |    0.021 |         0 |        0 |       56.85 |            |              | 0:00:03  |        6357 |      |     |
| area_reclaiming_2       |     0.021 |    0.021 |         0 |        0 |       56.79 |            |              | 0:00:10  |        6365 |      |     |
| area_reclaiming_3       |     0.021 |    0.021 |         0 |        0 |       56.79 |            |              | 0:00:03  |        6365 |      |     |
| local_wire_reclaim      |           |          |           |          |             |            |              | 0:00:14  |        6365 |      |     |
| global_route            |           |          |           |          |             |       0.00 |         0.00 | 0:00:01  |        6267 |      |     |
| route_type_refinement_2 |           |          |           |          |             |            |              | 0:00:00  |        6267 |      |     |
| drv_eco_fixing          |     0.015 |    0.015 |         0 |        0 |       56.80 |            |              | 0:00:01  |        6345 |    0 |   0 |
| tns_eco_fixing          |     0.015 |    0.015 |         0 |        0 |       56.80 |            |              | 0:00:03  |        6481 |      |     |
| final_summary           |     0.015 |    0.015 |           |        0 |       56.80 |       0.00 |         0.00 | 0:00:03  |        6277 |    0 |   0 |
 ------------------------------------------------------------------------------------------------------------------------------------------------------- 
