 ---------------------------------------------------------------------------------------------------------------------- 
| Snapshot           | WNS                  | TNS                  | Density (%) | Resource               | DRVs       |
|                    | HEPG (ns) | ALL (ns) | HEPG (ns) | ALL (ns) |             | Real (s) | Memory (MB) | Tran | Cap |
|--------------------+-----------+----------+-----------+----------+-------------+----------+-------------+------+-----|
| initial_summary    |     0.005 |    0.005 |           |        0 |       56.80 | 0:00:10  |        7022 |    0 |   0 |
| ccopt_pro          |           |          |           |          |             | 0:00:07  |        7381 |      |     |
| drv_eco_fixing     |     0.004 |    0.004 |         0 |        0 |       56.86 | 0:00:03  |        7367 |    0 |   0 |
| wns_fixing         |     0.021 |    0.021 |         0 |        0 |       56.87 | 0:00:04  |        7527 |      |     |
| route_type_fixing  |           |          |           |          |             | 0:00:02  |        7399 |      |     |
| pre_route_summary  |     0.021 |    0.021 |           |        0 |       56.87 | 0:00:00  |        7399 |    0 |   0 |
| eco_route          |           |          |           |          |             | 0:00:05  |        7269 |      |     |
| post_route_summary |     0.021 |    0.021 |           |        0 |       56.87 | 0:00:06  |        7367 |    0 |   0 |
| final_summary      |     0.021 |    0.021 |           |        0 |       56.87 | 0:00:02  |        7367 |    0 |   0 |
 ---------------------------------------------------------------------------------------------------------------------- 
