 ---------------------------------------------------------------------------------------------------------------------- 
| Snapshot           | WNS                  | TNS                  | Density (%) | Resource               | DRVs       |
|                    | HEPG (ns) | ALL (ns) | HEPG (ns) | ALL (ns) |             | Real (s) | Memory (MB) | Tran | Cap |
|--------------------+-----------+----------+-----------+----------+-------------+----------+-------------+------+-----|
| initial_summary    |     0.051 |   -0.081 |           |       -0 |       56.99 | 0:00:30  |        7614 |    0 |   5 |
| ccopt_pro          |           |          |           |          |             | 0:00:18  |        7904 |      |     |
| drv_eco_fixing     |     0.078 |   -0.086 |         0 |       -0 |       57.05 | 0:00:06  |        7728 |    0 |   0 |
| wns_fixing         |     0.078 |    0.012 |         0 |        0 |       57.07 | 0:00:28  |        8074 |      |     |
| tns_fixing         |     0.078 |    0.022 |         0 |        0 |       57.07 | 0:00:05  |        8074 |      |     |
| route_type_fixing  |           |          |           |          |             | 0:00:07  |        7946 |      |     |
| pre_route_summary  |     0.078 |    0.022 |           |        0 |       57.07 | 0:00:00  |        7946 |    0 |   0 |
| eco_route          |           |          |           |          |             | 0:00:18  |        7808 |      |     |
| post_route_summary |     0.055 |    0.008 |           |        0 |       57.07 | 0:00:19  |        7922 |    0 |   0 |
| tns_eco_fixing     |     0.055 |    0.022 |         0 |        0 |       57.07 | 0:00:05  |        8050 |      |     |
| final_summary      |     0.055 |    0.022 |           |        0 |       57.07 | 0:00:22  |        7914 |    0 |   0 |
 ---------------------------------------------------------------------------------------------------------------------- 
